---
source: rbx_merge/src/tests/merge.rs
expression: diagnostics
---
[
    Diagnostic {
        severity: Warning,
        code: "weak_dom_metadata",
        message: "WeakDom does not model every Roblox file-level metadata field; the merge is semantic, not byte-perfect.",
        path: None,
    },
]
