---
source: rbx_merge/src/tests/textconv.rs
expression: text
---
# Roblox semantic textconv (XML model (.rbxmx))
/ [DataModel] id=path:/
  Children:
    0: /Value=1234567 [IntValue] id=path:/Value=1234567
    1: /Value=1337 [IntValue] id=path:/Value=1337
    2: /Value=-7654321 [IntValue] id=path:/Value=-7654321
  /Value=1234567 [IntValue] id=path:/Value=1234567
    Properties:
      Attributes:
      Tags = []
      Value = Int64(1234567)
  /Value=1337 [IntValue] id=path:/Value=1337
    Properties:
      Attributes:
      Tags = []
      Value = Int64(1337)
  /Value=-7654321 [IntValue] id=path:/Value=-7654321
    Properties:
      Attributes:
      Tags = []
      Value = Int64(-7654321)
